stm32f7xx_hal_msp.c:64:6:HAL_MspInit	16	static
stm32f7xx_hal_msp.c:86:6:HAL_DMA2D_MspInit	24	static
stm32f7xx_hal_msp.c:108:6:HAL_DMA2D_MspDeInit	16	static
stm32f7xx_hal_msp.c:130:6:HAL_LTDC_MspInit	64	static
stm32f7xx_hal_msp.c:228:6:HAL_LTDC_MspDeInit	16	static
stm32f7xx_hal_msp.c:295:6:HAL_UART_MspInit	48	static
stm32f7xx_hal_msp.c:339:6:HAL_UART_MspDeInit	16	static
stm32f7xx_hal_msp.c:366:13:HAL_FMC_MspInit	32	static
stm32f7xx_hal_msp.c:472:6:HAL_SDRAM_MspInit	16	static
stm32f7xx_hal_msp.c:484:13:HAL_FMC_MspDeInit	8	static
stm32f7xx_hal_msp.c:558:6:HAL_SDRAM_MspDeInit	16	static
